// Vitest Snapshot v1, https://vitest.dev/guide/snapshot.html

exports[`shared box preserves ASCII rendering at 30 columns 1`] = `
{
  "cards": [
    "  Ask",
    "  [90mConfirm every command and[0m...[0m[39m",
    "",
    "[36m> Auto[39m",
    "  [90mKumo decides; risky actio[0m...[0m[39m",
    "",
  ],
  "frame": [
    "[35m+----------------------------+[39m",
    "[35m|[39m [1m[37mModels[39m[22m          [35m Step 1/9 [39m [35m|[39m",
    "[35m|[39m                            [35m|[39m",
    "[35m|[39m > Local                    [35m|[39m",
    "[35m|[39m   Remote                   [35m|[39m",
    "[35m|[39m                            [35m|[39m",
    "[35m|[39m [90mup/down move / Enter       [35m|[39m",
    "[35m|[39m [90mselect / Esc back[39m          [35m|[39m",
    "[35m+----------------------------+[39m",
  ],
  "questions": [
    "[35m+ review  1/1 ---------------+[39m",
    "[35m|[39m [1m[37mWhich database should      [35m|[39m",
    "[35m|[39m [1;37mstore the local cache?[39m[22m     [35m|[39m",
    "[35m|[39m                            [35m|[39m",
    "[35m|[39m [90mFilter: type to filter[39m     [35m|[39m",
    "[35m|[39m [1m[35m> 1. SQLite[39m[22m                [35m|[39m",
    "[35m|[39m   2. Redis                 [35m|[39m",
    "[35m|[39m   3. Other...              [35m|[39m",
    "[35m|[39m                            [35m|[39m",
    "[35m|[39m [90mLocal storage without a    [35m|[39m",
    "[35m|[39m [90mservice.[39m                   [35m|[39m",
    "[35m|[39m                            [35m|[39m",
    "[35m|[39m [90mtype filter / backspace    [35m|[39m",
    "[35m|[39m [90merase / up/down navigate / [35m|[39m",
    "[35m|[39m [90menter select / esc         [35m|[39m",
    "[35m|[39m [90mclear/cancel[39m               [35m|[39m",
    "[35m+--------------- kumo v0.0.1 +[39m",
  ],
  "theme": [
    "",
    " [1m[37mSelect your preferred theme[39m[22m",
    "",
    "           [1m[35m> dark <[39m[22m",
    "            [90mlight[39m",
    "        [90mhigh-contrast[39m",
    "",
    "           [90mPreview[39m",
    "  [90m+------------------------+[39m",
    "  | [1m[36mHeading[39m[22m                |",
    "  | [1mBold[22m, [3mitalic[23m, and [33mi[0m...[0m |",
    "  | [32m+ Project ready[39m    [0m...[0m |",
    "  |   [37mpnpm test[39m  ·  [90mloc[0m...[0m |",
    "  | [90mThe preview updates[0m...[0m |",
    "  [90m+------------------------+[39m",
    "",
    "[90mNavigate up/down     Enter [0m...[0m[39m",
  ],
}
`;

exports[`shared box preserves ASCII rendering at 60 columns 1`] = `
{
  "cards": [
    "     [90m+--------------------------------------------------+[39m",
    "     [90m|[39m Ask                                              [90m|[39m",
    "     [90m|[39m [90mConfirm every command and write.[39m                 [90m|[39m",
    "     [90m|[39m [90m[39m                                                 [90m|[39m",
    "     [90m+--------------------------------------------------+[39m",
    "",
    "   [36m>[39m [36m+- Recommended ------------------------------------+[39m",
    "     [36m|[39m [1m[37mAuto[39m[22m                                             [36m|[39m",
    "     [36m|[39m [90mKumo decides; risky actions still ask.[39m           [36m|[39m",
    "     [36m|[39m [90m[39m                                                 [36m|[39m",
    "     [36m+--------------------------------------------------+[39m",
    "",
  ],
  "frame": [
    "[35m+----------------------------------------------------------+[39m",
    "[35m|[39m [1m[37mModels[39m[22m                                        [35m Step 1/9 [39m [35m|[39m",
    "[35m|[39m                                                          [35m|[39m",
    "[35m|[39m > Local                                                  [35m|[39m",
    "[35m|[39m   Remote                                                 [35m|[39m",
    "[35m|[39m                                                          [35m|[39m",
    "[35m|[39m [90mup/down move / Enter select / Esc back[39m                   [35m|[39m",
    "[35m+----------------------------------------------------------+[39m",
  ],
  "questions": [
    "[35m+ review  1/1 ---------------------------------------------+[39m",
    "[35m|[39m [1m[37mWhich database should store the local cache?[39m[22m             [35m|[39m",
    "[35m|[39m                                                          [35m|[39m",
    "[35m|[39m [90mFilter: type to filter[39m                                   [35m|[39m",
    "[35m|[39m [1m[35m> 1. SQLite[39m[22m               [90m|[39m [33mSQLite[39m                       [35m|[39m",
    "[35m|[39m   2. Redis                [90m|[39m                              [35m|[39m",
    "[35m|[39m   3. Other...             [90m|[39m [90mLocal storage without a      [35m|[39m",
    "[35m|[39m                           [90m|[39m [90mservice.[39m                     [35m|[39m",
    "[35m|[39m                                                          [35m|[39m",
    "[35m|[39m [90mtype filter / backspace erase / up/down navigate / enter [35m|[39m",
    "[35m|[39m [90mselect / esc clear/cancel[39m                                [35m|[39m",
    "[35m+--------------------------------------------- kumo v0.0.1 +[39m",
  ],
  "theme": [
    "",
    "                [1m[37mSelect your preferred theme[39m[22m",
    "",
    "                          [1m[35m> dark <[39m[22m",
    "                           [90mlight[39m",
    "                       [90mhigh-contrast[39m",
    "",
    "                          [90mPreview[39m",
    "  [90m+------------------------------------------------------+[39m",
    "  | [1m[36mHeading[39m[22m                                              |",
    "  | [1mBold[22m, [3mitalic[23m, and [33minline code[39m.                       |",
    "  | [32m+ Project ready[39m     [35mOK Tests passed[39m                  |",
    "  |   [37mpnpm test[39m  ·  [90mlocal model[39m                          |",
    "  | [90mThe preview updates as you browse themes.[39m            |",
    "  [90m+------------------------------------------------------+[39m",
    "",
    "   [90mNavigate up/down     Enter continue     S keep current[39m",
  ],
}
`;

exports[`shared box preserves ASCII rendering at 100 columns 1`] = `
{
  "cards": [
    "                 [90m+------------------------------------------------------------------+[39m",
    "                 [90m|[39m Ask                                                              [90m|[39m",
    "                 [90m|[39m [90mConfirm every command and write.[39m                                 [90m|[39m",
    "                 [90m|[39m [90m[39m                                                                 [90m|[39m",
    "                 [90m+------------------------------------------------------------------+[39m",
    "",
    "               [36m>[39m [36m+- Recommended ----------------------------------------------------+[39m",
    "                 [36m|[39m [1m[37mAuto[39m[22m                                                             [36m|[39m",
    "                 [36m|[39m [90mKumo decides; risky actions still ask.[39m                           [36m|[39m",
    "                 [36m|[39m [90m[39m                                                                 [36m|[39m",
    "                 [36m+------------------------------------------------------------------+[39m",
    "",
  ],
  "frame": [
    "[35m+--------------------------------------------------------------------------------------------------+[39m",
    "[35m|[39m [1m[37mModels[39m[22m                                                                                [35m Step 1/9 [39m [35m|[39m",
    "[35m|[39m                                                                                                  [35m|[39m",
    "[35m|[39m > Local                                                                                          [35m|[39m",
    "[35m|[39m   Remote                                                                                         [35m|[39m",
    "[35m|[39m                                                                                                  [35m|[39m",
    "[35m|[39m [90mup/down move / Enter select / Esc back[39m                                                           [35m|[39m",
    "[35m+--------------------------------------------------------------------------------------------------+[39m",
  ],
  "questions": [
    "[35m+ review  1/1 -------------------------------------------------------------------------------------+[39m",
    "[35m|[39m [1m[37mWhich database should store the local cache?[39m[22m                                                     [35m|[39m",
    "[35m|[39m                                                                                                  [35m|[39m",
    "[35m|[39m [90mFilter: type to filter[39m                                                                           [35m|[39m",
    "[35m|[39m [1m[35m> 1. SQLite[39m[22m                                  [90m|[39m [33mSQLite[39m                                            [35m|[39m",
    "[35m|[39m   2. Redis                                   [90m|[39m                                                   [35m|[39m",
    "[35m|[39m   3. Other...                                [90m|[39m [90mLocal storage without a service.[39m                  [35m|[39m",
    "[35m|[39m                                                                                                  [35m|[39m",
    "[35m|[39m [90mtype filter / backspace erase / up/down navigate / enter select / esc clear/cancel[39m               [35m|[39m",
    "[35m+------------------------------------------------------------------------------------- kumo v0.0.1 +[39m",
  ],
  "theme": [
    "",
    "                                    [1m[37mSelect your preferred theme[39m[22m",
    "",
    "                                              [1m[35m> dark <[39m[22m",
    "                                               [90mlight[39m",
    "                                           [90mhigh-contrast[39m",
    "",
    "                                              [90mPreview[39m",
    "              [90m+----------------------------------------------------------------------+[39m",
    "              | [1m[36mHeading[39m[22m                                                              |",
    "              | [1mBold[22m, [3mitalic[23m, and [33minline code[39m.                                       |",
    "              | [32m+ Project ready[39m     [35mOK Tests passed[39m                                  |",
    "              |   [37mpnpm test[39m  ·  [90mlocal model[39m                                          |",
    "              | [90mThe preview updates as you browse themes.[39m                            |",
    "              [90m+----------------------------------------------------------------------+[39m",
    "",
    "                       [90mNavigate up/down     Enter continue     S keep current[39m",
  ],
}
`;

exports[`shared box preserves Unicode rendering at 30 columns 1`] = `
{
  "cards": [
    "  Ask",
    "  [90mConfirm every command and w[0m…[0m[39m",
    "",
    "[36m› Auto[39m",
    "  [90mKumo decides; risky actions[0m…[0m[39m",
    "",
  ],
  "frame": [
    "[35m╭────────────────────────────╮[39m",
    "[35m│[39m [1m[37mModels[39m[22m          [35m Step 1/9 [39m [35m│[39m",
    "[35m│[39m                            [35m│[39m",
    "[35m│[39m → Local                    [35m│[39m",
    "[35m│[39m   Remote                   [35m│[39m",
    "[35m│[39m                            [35m│[39m",
    "[35m│[39m [90m↑/↓ move · Enter select ·  [35m│[39m",
    "[35m│[39m [90mEsc back[39m                   [35m│[39m",
    "[35m╰────────────────────────────╯[39m",
  ],
  "questions": [
    "[35m╭ review  1/1 ───────────────╮[39m",
    "[35m│[39m [1m[37mWhich database should      [35m│[39m",
    "[35m│[39m [1;37mstore the local cache?[39m[22m     [35m│[39m",
    "[35m│[39m                            [35m│[39m",
    "[35m│[39m [90mFilter: type to filter[39m     [35m│[39m",
    "[35m│[39m [1m[35m→ 1. SQLite[39m[22m                [35m│[39m",
    "[35m│[39m   2. Redis                 [35m│[39m",
    "[35m│[39m   3. Other…                [35m│[39m",
    "[35m│[39m                            [35m│[39m",
    "[35m│[39m [90mLocal storage without a    [35m│[39m",
    "[35m│[39m [90mservice.[39m                   [35m│[39m",
    "[35m│[39m                            [35m│[39m",
    "[35m│[39m [90mtype filter • backspace    [35m│[39m",
    "[35m│[39m [90merase • ↑↓ navigate •      [35m│[39m",
    "[35m│[39m [90menter select • esc         [35m│[39m",
    "[35m│[39m [90mclear/cancel[39m               [35m│[39m",
    "[35m╰─────────────── kumo v0.0.1 ╯[39m",
  ],
  "theme": [
    "",
    " [1m[37mSelect your preferred theme[39m[22m",
    "",
    "           [1m[35m› dark ‹[39m[22m",
    "            [90mlight[39m",
    "        [90mhigh-contrast[39m",
    "",
    "           [90mPreview[39m",
    "  [90m╭────────────────────────╮[39m",
    "  │ [1m[36mHeading[39m[22m                │",
    "  │ [1mBold[22m, [3mitalic[23m, and [33minl[0m…[0m │",
    "  │ [32m• Project ready[39m     [35m✓[0m…[0m │",
    "  │   [37mpnpm test[39m  ·  [90mlocal[0m…[0m │",
    "  │ [90mThe preview updates a[0m…[0m │",
    "  [90m╰────────────────────────╯[39m",
    "",
    "[90mNavigate ↑/↓     Enter contin[0m…[0m[39m",
  ],
}
`;

exports[`shared box preserves Unicode rendering at 60 columns 1`] = `
{
  "cards": [
    "     [90m╭──────────────────────────────────────────────────╮[39m",
    "     [90m│[39m Ask                                              [90m│[39m",
    "     [90m│[39m [90mConfirm every command and write.[39m                 [90m│[39m",
    "     [90m│[39m [90m[39m                                                 [90m│[39m",
    "     [90m╰──────────────────────────────────────────────────╯[39m",
    "",
    "   [36m›[39m [36m╭─ Recommended ────────────────────────────────────╮[39m",
    "     [36m│[39m [1m[37mAuto[39m[22m                                             [36m│[39m",
    "     [36m│[39m [90mKumo decides; risky actions still ask.[39m           [36m│[39m",
    "     [36m│[39m [90m[39m                                                 [36m│[39m",
    "     [36m╰──────────────────────────────────────────────────╯[39m",
    "",
  ],
  "frame": [
    "[35m╭──────────────────────────────────────────────────────────╮[39m",
    "[35m│[39m [1m[37mModels[39m[22m                                        [35m Step 1/9 [39m [35m│[39m",
    "[35m│[39m                                                          [35m│[39m",
    "[35m│[39m → Local                                                  [35m│[39m",
    "[35m│[39m   Remote                                                 [35m│[39m",
    "[35m│[39m                                                          [35m│[39m",
    "[35m│[39m [90m↑/↓ move · Enter select · Esc back[39m                       [35m│[39m",
    "[35m╰──────────────────────────────────────────────────────────╯[39m",
  ],
  "questions": [
    "[35m╭ review  1/1 ─────────────────────────────────────────────╮[39m",
    "[35m│[39m [1m[37mWhich database should store the local cache?[39m[22m             [35m│[39m",
    "[35m│[39m                                                          [35m│[39m",
    "[35m│[39m [90mFilter: type to filter[39m                                   [35m│[39m",
    "[35m│[39m [1m[35m→ 1. SQLite[39m[22m               [90m│[39m [33mSQLite[39m                       [35m│[39m",
    "[35m│[39m   2. Redis                [90m│[39m                              [35m│[39m",
    "[35m│[39m   3. Other…               [90m│[39m [90mLocal storage without a      [35m│[39m",
    "[35m│[39m                           [90m│[39m [90mservice.[39m                     [35m│[39m",
    "[35m│[39m                                                          [35m│[39m",
    "[35m│[39m [90mtype filter • backspace erase • ↑↓ navigate • enter      [35m│[39m",
    "[35m│[39m [90mselect • esc clear/cancel[39m                                [35m│[39m",
    "[35m╰───────────────────────────────────────────── kumo v0.0.1 ╯[39m",
  ],
  "theme": [
    "",
    "                [1m[37mSelect your preferred theme[39m[22m",
    "",
    "                          [1m[35m› dark ‹[39m[22m",
    "                           [90mlight[39m",
    "                       [90mhigh-contrast[39m",
    "",
    "                          [90mPreview[39m",
    "  [90m╭──────────────────────────────────────────────────────╮[39m",
    "  │ [1m[36mHeading[39m[22m                                              │",
    "  │ [1mBold[22m, [3mitalic[23m, and [33minline code[39m.                       │",
    "  │ [32m• Project ready[39m     [35m✓ Tests passed[39m                   │",
    "  │   [37mpnpm test[39m  ·  [90mlocal model[39m                          │",
    "  │ [90mThe preview updates as you browse themes.[39m            │",
    "  [90m╰──────────────────────────────────────────────────────╯[39m",
    "",
    "     [90mNavigate ↑/↓     Enter continue     S keep current[39m",
  ],
}
`;

exports[`shared box preserves Unicode rendering at 100 columns 1`] = `
{
  "cards": [
    "                 [90m╭──────────────────────────────────────────────────────────────────╮[39m",
    "                 [90m│[39m Ask                                                              [90m│[39m",
    "                 [90m│[39m [90mConfirm every command and write.[39m                                 [90m│[39m",
    "                 [90m│[39m [90m[39m                                                                 [90m│[39m",
    "                 [90m╰──────────────────────────────────────────────────────────────────╯[39m",
    "",
    "               [36m›[39m [36m╭─ Recommended ────────────────────────────────────────────────────╮[39m",
    "                 [36m│[39m [1m[37mAuto[39m[22m                                                             [36m│[39m",
    "                 [36m│[39m [90mKumo decides; risky actions still ask.[39m                           [36m│[39m",
    "                 [36m│[39m [90m[39m                                                                 [36m│[39m",
    "                 [36m╰──────────────────────────────────────────────────────────────────╯[39m",
    "",
  ],
  "frame": [
    "[35m╭──────────────────────────────────────────────────────────────────────────────────────────────────╮[39m",
    "[35m│[39m [1m[37mModels[39m[22m                                                                                [35m Step 1/9 [39m [35m│[39m",
    "[35m│[39m                                                                                                  [35m│[39m",
    "[35m│[39m → Local                                                                                          [35m│[39m",
    "[35m│[39m   Remote                                                                                         [35m│[39m",
    "[35m│[39m                                                                                                  [35m│[39m",
    "[35m│[39m [90m↑/↓ move · Enter select · Esc back[39m                                                               [35m│[39m",
    "[35m╰──────────────────────────────────────────────────────────────────────────────────────────────────╯[39m",
  ],
  "questions": [
    "[35m╭ review  1/1 ─────────────────────────────────────────────────────────────────────────────────────╮[39m",
    "[35m│[39m [1m[37mWhich database should store the local cache?[39m[22m                                                     [35m│[39m",
    "[35m│[39m                                                                                                  [35m│[39m",
    "[35m│[39m [90mFilter: type to filter[39m                                                                           [35m│[39m",
    "[35m│[39m [1m[35m→ 1. SQLite[39m[22m                                  [90m│[39m [33mSQLite[39m                                            [35m│[39m",
    "[35m│[39m   2. Redis                                   [90m│[39m                                                   [35m│[39m",
    "[35m│[39m   3. Other…                                  [90m│[39m [90mLocal storage without a service.[39m                  [35m│[39m",
    "[35m│[39m                                                                                                  [35m│[39m",
    "[35m│[39m [90mtype filter • backspace erase • ↑↓ navigate • enter select • esc clear/cancel[39m                    [35m│[39m",
    "[35m╰───────────────────────────────────────────────────────────────────────────────────── kumo v0.0.1 ╯[39m",
  ],
  "theme": [
    "",
    "                                    [1m[37mSelect your preferred theme[39m[22m",
    "",
    "                                              [1m[35m› dark ‹[39m[22m",
    "                                               [90mlight[39m",
    "                                           [90mhigh-contrast[39m",
    "",
    "                                              [90mPreview[39m",
    "              [90m╭──────────────────────────────────────────────────────────────────────╮[39m",
    "              │ [1m[36mHeading[39m[22m                                                              │",
    "              │ [1mBold[22m, [3mitalic[23m, and [33minline code[39m.                                       │",
    "              │ [32m• Project ready[39m     [35m✓ Tests passed[39m                                   │",
    "              │   [37mpnpm test[39m  ·  [90mlocal model[39m                                          │",
    "              │ [90mThe preview updates as you browse themes.[39m                            │",
    "              [90m╰──────────────────────────────────────────────────────────────────────╯[39m",
    "",
    "                         [90mNavigate ↑/↓     Enter continue     S keep current[39m",
  ],
}
`;
